// Vitest Snapshot v1, https://vitest.dev/guide/snapshot.html

exports[`Button > matches destructive variant snapshot 1`] = `
<DocumentFragment>
  <button
    class="inline-flex items-center justify-center gap-2 whitespace-nowrap rounded-md text-sm font-medium transition-all disabled:pointer-events-none disabled:opacity-50 [&_svg]:pointer-events-none [&_svg:not([class*='size-'])]:size-4 shrink-0 [&_svg]:shrink-0 outline-none focus-visible:border-ring focus-visible:ring-[3px] aria-invalid:ring-destructive/20 dark:aria-invalid:ring-destructive/40 aria-invalid:border-destructive h-9 px-4 py-2 has-[>svg]:px-3 bg-destructive text-white hover:brightness-90 focus-visible:ring-destructive/20 dark:focus-visible:ring-destructive/40 dark:bg-destructive/60"
    data-slot="button"
  >
    Destructive
  </button>
</DocumentFragment>
`;

exports[`Button > matches ghost variant snapshot 1`] = `
<DocumentFragment>
  <button
    class="inline-flex items-center justify-center gap-2 whitespace-nowrap rounded-md text-sm font-medium transition-all disabled:pointer-events-none disabled:opacity-50 [&_svg]:pointer-events-none [&_svg:not([class*='size-'])]:size-4 shrink-0 [&_svg]:shrink-0 outline-none focus-visible:border-ring focus-visible:ring-ring/50 focus-visible:ring-[3px] aria-invalid:ring-destructive/20 dark:aria-invalid:ring-destructive/40 aria-invalid:border-destructive h-9 px-4 py-2 has-[>svg]:px-3 hover:bg-accent hover:text-accent-foreground dark:hover:bg-accent/50"
    data-slot="button"
  >
    Ghost
  </button>
</DocumentFragment>
`;

exports[`Button > matches snapshot 1`] = `
<DocumentFragment>
  <button
    class="inline-flex items-center justify-center gap-2 whitespace-nowrap rounded-md text-sm font-medium disabled:pointer-events-none disabled:opacity-50 [&_svg]:pointer-events-none [&_svg:not([class*='size-'])]:size-4 shrink-0 [&_svg]:shrink-0 outline-none focus-visible:border-ring focus-visible:ring-ring/50 focus-visible:ring-[3px] aria-invalid:ring-destructive/20 dark:aria-invalid:ring-destructive/40 aria-invalid:border-destructive h-9 px-4 py-2 has-[>svg]:px-3 bg-gradient-amber text-primary-foreground hover:brightness-95 transition-all"
    data-slot="button"
  >
    Snapshot Button
  </button>
</DocumentFragment>
`;
